MO data_memory NULL data_memory.v vlg4A/data__memory.bin 1461124876
MO Ctr NULL Ctr.v vlg41/_ctr.bin 1461124876
MO Top NULL Top.v vlg4F/_top.bin 1461124877
MO aluCtrOut NULL aluCtrOut.v vlg0B/alu_ctr_out.bin 1461124877
MO register NULL register.v vlg29/register.bin 1461124876
MO Alu NULL Alu.v vlg6A/_alu.bin 1461124877
MO signext NULL signext.v vlg1E/signext.bin 1461124876
