--------------------------------------------------------------------------------
Release 14.7 Trace  (nt64)
Copyright (c) 1995-2013 Xilinx, Inc.  All rights reserved.

D:\Xilinx\14.7\ISE_DS\ISE\bin\nt64\unwrapped\trce.exe -intstyle ise -v 3 -s 4
-n 3 -fastpaths -xml Top.twx Top.ncd -o Top.twr Top.pcf -ucf Top.ucf

Design file:              Top.ncd
Physical constraint file: Top.pcf
Device,package,speed:     xc3s500e,fg320,-4 (PRODUCTION 1.27 2013-10-13)
Report level:             verbose report

Environment Variable      Effect 
--------------------      ------ 
NONE                      No environment variables were set
--------------------------------------------------------------------------------

INFO:Timing:2698 - No timing constraints found, doing default enumeration.
INFO:Timing:3412 - To improve timing, see the Timing Closure User Guide (UG612).
INFO:Timing:2752 - To get complete path coverage, use the unconstrained paths 
   option. All paths that are not constrained will be reported in the 
   unconstrained paths section(s) of the report.
INFO:Timing:3339 - The clock-to-out numbers in this timing report are based on 
   a 50 Ohm transmission line loading model.  For the details of this model, 
   and for more information on accounting for different loading conditions, 
   please see the device datasheet.
INFO:Timing:3390 - This architecture does not support a default System Jitter 
   value, please add SYSTEM_JITTER constraint to the UCF to modify the Clock 
   Uncertainty calculation.
INFO:Timing:3389 - This architecture does not support 'Discrete Jitter' and 
   'Phase Error' calculations, these terms will be zero in the Clock 
   Uncertainty calculation.  Please make appropriate modification to 
   SYSTEM_JITTER to account for the unsupported Discrete Jitter and Phase 
   Error.



Data Sheet report:
-----------------
All values displayed in nanoseconds (ns)

Clock to Setup on destination clock mainClk
---------------+---------+---------+---------+---------+
               | Src:Rise| Src:Fall| Src:Rise| Src:Fall|
Source Clock   |Dest:Rise|Dest:Rise|Dest:Fall|Dest:Fall|
---------------+---------+---------+---------+---------+
mainClk        |    4.355|         |         |         |
---------------+---------+---------+---------+---------+

Pad to Pad
---------------+---------------+---------+
Source Pad     |Destination Pad|  Delay  |
---------------+---------------+---------+
select<0>      |LED_out<0>     |   11.616|
select<0>      |LED_out<1>     |   11.065|
select<0>      |LED_out<2>     |   11.366|
select<0>      |LED_out<3>     |   11.836|
select<0>      |LED_out<4>     |   14.600|
select<0>      |LED_out<5>     |   14.311|
select<0>      |LED_out<6>     |   12.914|
select<0>      |LED_out<7>     |   13.527|
select<1>      |LED_out<0>     |   11.604|
select<1>      |LED_out<1>     |   11.528|
select<1>      |LED_out<2>     |   12.015|
select<1>      |LED_out<3>     |   12.021|
select<1>      |LED_out<4>     |   13.850|
select<1>      |LED_out<5>     |   12.932|
select<1>      |LED_out<6>     |   13.253|
select<1>      |LED_out<7>     |   13.940|
select<2>      |LED_out<0>     |   11.279|
select<2>      |LED_out<1>     |   11.206|
select<2>      |LED_out<2>     |   10.521|
select<2>      |LED_out<3>     |   11.216|
select<2>      |LED_out<4>     |   14.064|
select<2>      |LED_out<5>     |   13.471|
select<2>      |LED_out<6>     |   12.920|
select<2>      |LED_out<7>     |   13.554|
showPC         |LED_out<0>     |    8.936|
showPC         |LED_out<1>     |    9.243|
showPC         |LED_out<2>     |    9.610|
showPC         |LED_out<3>     |    9.928|
showPC         |LED_out<4>     |   10.259|
showPC         |LED_out<5>     |   10.435|
showPC         |LED_out<6>     |   11.050|
showPC         |LED_out<7>     |   11.616|
---------------+---------------+---------+


Analysis completed Tue May 17 20:38:55 2016 
--------------------------------------------------------------------------------

Trace Settings:
-------------------------
Trace Settings 

Peak Memory Usage: 212 MB



