MO data_memory NULL data_memory.v vlg4A/data__memory.bin 1463488601
MO Ctr NULL Ctr.v vlg41/_ctr.bin 1463488601
MO Top NULL Top.v vlg4F/_top.bin 1463488601
MO InstructionMemory NULL Top.v vlg63/_instruction_memory.bin 1463488601
MO aluCtrOut NULL aluCtrOut.v vlg0B/alu_ctr_out.bin 1463488601
MO timeDivider NULL Top.v vlg7A/time_divider.bin 1463488601
MO register NULL register.v vlg29/register.bin 1463488601
MO Alu NULL Alu.v vlg6A/_alu.bin 1463488601
MO signext NULL signext.v vlg1E/signext.bin 1463488601
